eq ["raw thumb"] : h(h(N:Y$Little)) = N:Y$Little .
Bye.
